
C:\Users\ASUS\Documents\GitHub\workzup\app\applications\page.tsx
  16:5  error  Error: Calling setState synchronously within an effect can trigger cascading renders

Effects are intended to synchronize state between React and external systems such as manually updating the DOM, state management libraries, or other platform APIs. In general, the body of an effect should do one or both of the following:
* Update external systems with the latest state from React.
* Subscribe for updates from some external system, calling setState in a callback function when external state changes.

Calling setState synchronously within an effect body causes cascading renders that can hurt performance, and is not recommended. (https://react.dev/learn/you-might-not-need-an-effect).

C:\Users\ASUS\Documents\GitHub\workzup\app\applications\page.tsx:16:5
  14 |       return;
  15 |     }
> 16 |     setIsChecked(true);
     |     ^^^^^^^^^^^^ Avoid calling setState() directly within an effect
  17 |   }, [router]);
  18 |
  19 |   return (  react-hooks/set-state-in-effect

C:\Users\ASUS\Documents\GitHub\workzup\app\jobseeker\gigs\page.tsx
  100:13  error  'sorted' is never reassigned. Use 'const' instead                                                                                                                                                                                                                                                                                                                                                                                                                                                                                                                                                                                                                                                                                                                                                                                                                                                                                                                                                                  prefer-const
  120:9   error  Error: Calling setState synchronously within an effect can trigger cascading renders

Effects are intended to synchronize state between React and external systems such as manually updating the DOM, state management libraries, or other platform APIs. In general, the body of an effect should do one or both of the following:
* Update external systems with the latest state from React.
* Subscribe for updates from some external system, calling setState in a callback function when external state changes.

Calling setState synchronously within an effect body causes cascading renders that can hurt performance, and is not recommended. (https://react.dev/learn/you-might-not-need-an-effect).

C:\Users\ASUS\Documents\GitHub\workzup\app\jobseeker\gigs\page.tsx:120:9
  118 |             });
  119 |         }
> 120 |         setFilteredJobs(sorted);
      |         ^^^^^^^^^^^^^^^ Avoid calling setState() directly within an effect
  121 |     }, [jobs, sortBy]);
  122 |
  123 |  react-hooks/set-state-in-effect

C:\Users\ASUS\Documents\GitHub\workzup\app\jobseeker\profile\page.tsx
  237:62  error  `"` can be escaped with `&quot;`, `&ldquo;`, `&#34;`, `&rdquo;`  react/no-unescaped-entities
  237:69  error  `"` can be escaped with `&quot;`, `&ldquo;`, `&#34;`, `&rdquo;`  react/no-unescaped-entities

C:\Users\ASUS\Documents\GitHub\workzup\app\recruiter\my-jobs\page.tsx
  34:53  error  Unexpected any. Specify a different type                                                                                                                                                                                                                                                                                                                                                                                                                                                                                                                                                                                                                                                                                                                                                                                                                                                                                                                                                                                                                                                           @typescript-eslint/no-explicit-any
  90:67  error  Error: Cannot call impure function during render

`Math.random` is an impure function. Calling an impure function can produce unstable results that update unpredictably when the component happens to re-render. (https://react.dev/reference/rules/components-and-hooks-must-be-pure#components-and-hooks-must-be-idempotent).

C:\Users\ASUS\Documents\GitHub\workzup\app\recruiter\my-jobs\page.tsx:90:67
  88 |                                         location={job.location}
  89 |                                         status={job.status}
> 90 |                                         newApplicants={Math.floor(Math.random() * 5)} // Mocking 'new' count
     |                                                                   ^^^^^^^^^^^^^ Cannot call impure function
  91 |                                         totalApplicants={job.applicants || Math.floor(Math.random() * 20) + 5} // Mocking total if 0
  92 |                                         postedDate={job.postedDate}
  93 |                                         jobDate={job.date}            react-hooks/purity
  91:87  error  Error: Cannot call impure function during render

`Math.random` is an impure function. Calling an impure function can produce unstable results that update unpredictably when the component happens to re-render. (https://react.dev/reference/rules/components-and-hooks-must-be-pure#components-and-hooks-must-be-idempotent).

C:\Users\ASUS\Documents\GitHub\workzup\app\recruiter\my-jobs\page.tsx:91:87
  89 |                                         status={job.status}
  90 |                                         newApplicants={Math.floor(Math.random() * 5)} // Mocking 'new' count
> 91 |                                         totalApplicants={job.applicants || Math.floor(Math.random() * 20) + 5} // Mocking total if 0
     |                                                                                       ^^^^^^^^^^^^^ Cannot call impure function
  92 |                                         postedDate={job.postedDate}
  93 |                                         jobDate={job.date}
  94 |                                         pay={job.pay}  react-hooks/purity

C:\Users\ASUS\Documents\GitHub\workzup\backend\controllers\adminController.js
  1:26  error  A `require()` style import is forbidden  @typescript-eslint/no-require-imports
  2:20  error  A `require()` style import is forbidden  @typescript-eslint/no-require-imports
  3:18  error  A `require()` style import is forbidden  @typescript-eslint/no-require-imports
  4:52  error  A `require()` style import is forbidden  @typescript-eslint/no-require-imports

C:\Users\ASUS\Documents\GitHub\workzup\backend\controllers\applicationController.js
  1:26  error  A `require()` style import is forbidden  @typescript-eslint/no-require-imports
  2:20  error  A `require()` style import is forbidden  @typescript-eslint/no-require-imports
  3:18  error  A `require()` style import is forbidden  @typescript-eslint/no-require-imports
  4:52  error  A `require()` style import is forbidden  @typescript-eslint/no-require-imports

C:\Users\ASUS\Documents\GitHub\workzup\backend\controllers\authController.js
  1:26  error  A `require()` style import is forbidden  @typescript-eslint/no-require-imports
  2:16  error  A `require()` style import is forbidden  @typescript-eslint/no-require-imports
  3:13  error  A `require()` style import is forbidden  @typescript-eslint/no-require-imports
  4:16  error  A `require()` style import is forbidden  @typescript-eslint/no-require-imports
  5:23  error  A `require()` style import is forbidden  @typescript-eslint/no-require-imports
  6:20  error  A `require()` style import is forbidden  @typescript-eslint/no-require-imports
  7:18  error  A `require()` style import is forbidden  @typescript-eslint/no-require-imports

C:\Users\ASUS\Documents\GitHub\workzup\backend\controllers\jobController.js
  1:26  error  A `require()` style import is forbidden  @typescript-eslint/no-require-imports
  2:20  error  A `require()` style import is forbidden  @typescript-eslint/no-require-imports
  3:18  error  A `require()` style import is forbidden  @typescript-eslint/no-require-imports
  4:52  error  A `require()` style import is forbidden  @typescript-eslint/no-require-imports

C:\Users\ASUS\Documents\GitHub\workzup\backend\controllers\messageController.js
  1:26  error  A `require()` style import is forbidden  @typescript-eslint/no-require-imports

C:\Users\ASUS\Documents\GitHub\workzup\backend\middleware\auth.js
  1:13  error  A `require()` style import is forbidden  @typescript-eslint/no-require-imports

C:\Users\ASUS\Documents\GitHub\workzup\backend\middleware\errorHandler.js
  1:18  error  A `require()` style import is forbidden  @typescript-eslint/no-require-imports

C:\Users\ASUS\Documents\GitHub\workzup\backend\middleware\rateLimiter.js
  1:19  error  A `require()` style import is forbidden  @typescript-eslint/no-require-imports

C:\Users\ASUS\Documents\GitHub\workzup\backend\routes\adminRoutes.js
  1:17  error  A `require()` style import is forbidden  @typescript-eslint/no-require-imports
  2:88  error  A `require()` style import is forbidden  @typescript-eslint/no-require-imports
  3:47  error  A `require()` style import is forbidden  @typescript-eslint/no-require-imports

C:\Users\ASUS\Documents\GitHub\workzup\backend\routes\applicationRoutes.js
  1:17  error  A `require()` style import is forbidden  @typescript-eslint/no-require-imports
  2:48  error  A `require()` style import is forbidden  @typescript-eslint/no-require-imports
  3:47  error  A `require()` style import is forbidden  @typescript-eslint/no-require-imports
  4:29  error  A `require()` style import is forbidden  @typescript-eslint/no-require-imports

C:\Users\ASUS\Documents\GitHub\workzup\backend\routes\authRoutes.js
  1:17  error  A `require()` style import is forbidden  @typescript-eslint/no-require-imports
  2:89  error  A `require()` style import is forbidden  @typescript-eslint/no-require-imports
  3:31  error  A `require()` style import is forbidden  @typescript-eslint/no-require-imports
  4:25  error  A `require()` style import is forbidden  @typescript-eslint/no-require-imports

C:\Users\ASUS\Documents\GitHub\workzup\backend\routes\jobRoutes.js
  1:17  error  A `require()` style import is forbidden  @typescript-eslint/no-require-imports
  2:32  error  A `require()` style import is forbidden  @typescript-eslint/no-require-imports
  3:47  error  A `require()` style import is forbidden  @typescript-eslint/no-require-imports
  4:30  error  A `require()` style import is forbidden  @typescript-eslint/no-require-imports

C:\Users\ASUS\Documents\GitHub\workzup\backend\routes\messageRoutes.js
  1:17  error  A `require()` style import is forbidden  @typescript-eslint/no-require-imports
  2:38  error  A `require()` style import is forbidden  @typescript-eslint/no-require-imports
  3:31  error  A `require()` style import is forbidden  @typescript-eslint/no-require-imports

C:\Users\ASUS\Documents\GitHub\workzup\backend\server.js
   1:17  error  A `require()` style import is forbidden  @typescript-eslint/no-require-imports
   2:14  error  A `require()` style import is forbidden  @typescript-eslint/no-require-imports
   3:22  error  A `require()` style import is forbidden  @typescript-eslint/no-require-imports
   4:16  error  A `require()` style import is forbidden  @typescript-eslint/no-require-imports
   5:27  error  A `require()` style import is forbidden  @typescript-eslint/no-require-imports
   6:22  error  A `require()` style import is forbidden  @typescript-eslint/no-require-imports
  35:20  error  A `require()` style import is forbidden  @typescript-eslint/no-require-imports
  36:19  error  A `require()` style import is forbidden  @typescript-eslint/no-require-imports
  37:27  error  A `require()` style import is forbidden  @typescript-eslint/no-require-imports
  38:21  error  A `require()` style import is forbidden  @typescript-eslint/no-require-imports
  39:23  error  A `require()` style import is forbidden  @typescript-eslint/no-require-imports

C:\Users\ASUS\Documents\GitHub\workzup\backend\utils\email.js
  1:20  error  A `require()` style import is forbidden  @typescript-eslint/no-require-imports

Γ£û 61 problems (61 errors, 0 warnings)
  1 error and 0 warnings potentially fixable with the `--fix` option.

